// Jest Snapshot v1, https://goo.gl/fbAQLP

exports[`Logout renders correct message 1`] = `"<a href=\\"/\\">logout</a>"`;
