// Jest Snapshot v1, https://goo.gl/fbAQLP

exports[`should match snapshot 1`] = `
<div
  className="error-message"
>
  <div>
    Error message
  </div>
</div>
`;
