// Jest Snapshot v1, https://goo.gl/fbAQLP

exports[`renders correctly 1`] = `
<styled.div>
  <styled.img
    alt="testio logo"
    src=""
  />
  <Connect(LoginForm) />
</styled.div>
`;
