// Jest Snapshot v1, https://goo.gl/fbAQLP

exports[`renders correctly 1`] = `
<Styled(Router)>
  <LoginRoute
    path="/"
  />
  <GuardedRoute
    component={[Function]}
    path="/dashboard"
  />
</Styled(Router)>
`;
