// Jest Snapshot v1, https://goo.gl/fbAQLP

exports[`renders correctly 1`] = `
<Fragment>
  <Connect(ServerListHeader) />
  <Connect(ServerListTable) />
</Fragment>
`;
