// Jest Snapshot v1, https://goo.gl/fbAQLP

exports[`renders correctly 1`] = `
<styled.div>
  <styled.div>
    <img
      alt="testio logo"
      src=""
    />
    <styled.button
      onClick={[Function]}
    >
      Logout
    </styled.button>
  </styled.div>
</styled.div>
`;
