// Jest Snapshot v1, https://goo.gl/fbAQLP

exports[`should match snapshot 1`] = `
<div
  className="list-header-container"
>
  <div
    key="0"
    onClick={[Function]}
  >
    Name
  </div>
  <div
    key="1"
    onClick={[Function]}
  >
    Distance
  </div>
</div>
`;
