// Jest Snapshot v1, https://goo.gl/fbAQLP

exports[`should match snapshot 1`] = `
<div
  className="logout-button"
  onClick={[Function]}
>
  Logout
</div>
`;
