// Jest Snapshot v1, https://goo.gl/fbAQLP

exports[`should match snapshot 1`] = `
<div
  className="testio-logo"
>
  <img
    alt="testio"
    src="logo"
  />
</div>
`;
