// Jest Snapshot v1, https://goo.gl/fbAQLP

exports[`Header renders correct message 1`] = `"<div class=\\"row\\"><div class=\\"col\\"><div><img src=\\"\\" alt=\\"Testio Logo\\"></div></div><div class=\\"col\\"><div><a href=\\"/\\">logout</a></div></div></div>"`;
