// Jest Snapshot v1, https://goo.gl/fbAQLP

exports[`NotFound component should render component correctly 1`] = `ShallowWrapper {}`;
