// Jest Snapshot v1, https://goo.gl/fbAQLP

exports[`Servers should match snapshot 1`] = `ShallowWrapper {}`;
