// Jest Snapshot v1, https://goo.gl/fbAQLP

exports[`StyledButton component should render the <Button /> element. 1`] = `
ShallowWrapper {
  "length": 1,
  Symbol(enzyme.__root__): [Circular],
  Symbol(enzyme.__unrendered__): <Styled(Button)
    block={true}
    color="primary"
    size="lg"
/>,
  Symbol(enzyme.__renderer__): Object {
    "batchedUpdates": [Function],
    "getNode": [Function],
    "render": [Function],
    "simulateEvent": [Function],
    "unmount": [Function],
  },
  Symbol(enzyme.__node__): Object {
    "instance": null,
    "key": undefined,
    "nodeType": "class",
    "props": Object {
      "block": true,
      "children": undefined,
      "className": "sc-bdVaJa eMjQhF",
      "color": "primary",
      "size": "lg",
      "tag": "button",
    },
    "ref": null,
    "rendered": null,
    "type": [Function],
  },
  Symbol(enzyme.__nodes__): Array [
    Object {
      "instance": null,
      "key": undefined,
      "nodeType": "class",
      "props": Object {
        "block": true,
        "children": undefined,
        "className": "sc-bdVaJa eMjQhF",
        "color": "primary",
        "size": "lg",
        "tag": "button",
      },
      "ref": null,
      "rendered": null,
      "type": [Function],
    },
  ],
  Symbol(enzyme.__options__): Object {
    "adapter": ReactSixteenAdapter {
      "options": Object {
        "enableComponentDidUpdateOnSetState": true,
      },
    },
  },
}
`;
