// Jest Snapshot v1, https://goo.gl/fbAQLP

exports[`Error renders correct message 1`] = `"testing"`;
