// Jest Snapshot v1, https://goo.gl/fbAQLP

exports[`PageNotFound renders to correct snapshot 1`] = `"<section><span>404</span><p>The requested path could not be found</p></section>"`;
