// Jest Snapshot v1, https://goo.gl/fbAQLP

exports[`renders correctly 1`] = `
<div
  className="form-group"
>
  <input
    className="sc-bdVaJa injyga form-control"
  />
</div>
`;
